813 5
123 5
999 6
321 1
365 2
511 8
252 3
963 4
653 4
321 6
833 5
125 2
222 3
899 6
954 7
699 6
354 7
154 7
323 4
823 5
523 5
325 8
223 3
423 4
987 9